// Jest Snapshot v1, https://goo.gl/fbAQLP

exports[`renders correctly 1`] = `
<div>
  <View
    accessibilityHint="Location settings scrollable us area"
    accessibilityLabel="Location settings scrollable us area"
    accessibilityRole="scrollbar"
    accessible={true}
    style={
      Object {
        "paddingHorizontal": 26,
      }
    }
  >
    <View
      style={
        Object {
          "alignItems": "center",
          "flexDirection": "row",
          "justifyContent": "space-between",
          "marginBottom": 52,
        }
      }
    >
      <View
        accessibilityRole="imagebutton"
        accessible={true}
        collapsable={false}
        focusable={true}
        onBlur={[Function]}
        onClick={[Function]}
        onFocus={[Function]}
        onResponderGrant={[Function]}
        onResponderMove={[Function]}
        onResponderRelease={[Function]}
        onResponderTerminate={[Function]}
        onResponderTerminationRequest={[Function]}
        onStartShouldSetResponder={[Function]}
        style={
          Array [
            Object {
              "alignItems": "center",
              "backgroundColor": "#1E2022",
              "borderRadius": 143,
              "display": "flex",
              "height": 60,
              "justifyContent": "center",
              "overflow": "hidden",
              "position": "relative",
              "width": 60,
            },
            Object {
              "backgroundColor": "#353739",
              "height": 60,
              "width": 60,
            },
          ]
        }
      >
        <View
          style={
            Array [
              Object {
                "backgroundColor": "transparent",
              },
              Array [
                Object {
                  "alignItems": "center",
                  "backgroundColor": "#1E2022",
                  "borderRadius": 143,
                  "display": "flex",
                  "height": 60,
                  "justifyContent": "center",
                  "overflow": "hidden",
                  "position": "relative",
                  "width": 60,
                },
                undefined,
                undefined,
              ],
            ]
          }
        >
          <ViewManagerAdapter_ExpoBlurView
            proxiedProperties={
              Object {
                "intensity": 0,
                "tint": "default",
              }
            }
            style={
              Object {
                "bottom": 0,
                "left": 0,
                "position": "absolute",
                "right": 0,
                "top": 0,
              }
            }
          />
          <View>
            <RCTImageView
              internal_analyticTag={null}
              resizeMode="contain"
              source={
                Array [
                  Object {
                    "height": undefined,
                    "uri": undefined,
                    "width": undefined,
                  },
                ]
              }
              style={
                Object {
                  "height": 29,
                  "overflow": "hidden",
                  "resizeMode": "contain",
                  "tintColor": "#DEDDDE",
                  "width": 29,
                }
              }
              tintColor="#DEDDDE"
            />
          </View>
        </View>
      </View>
      <View
        accessibilityRole="imagebutton"
        accessible={true}
        collapsable={false}
        focusable={true}
        onBlur={[Function]}
        onClick={[Function]}
        onFocus={[Function]}
        onResponderGrant={[Function]}
        onResponderMove={[Function]}
        onResponderRelease={[Function]}
        onResponderTerminate={[Function]}
        onResponderTerminationRequest={[Function]}
        onStartShouldSetResponder={[Function]}
        style={
          Array [
            Object {
              "alignItems": "center",
              "backgroundColor": "#1E2022",
              "borderRadius": 143,
              "display": "flex",
              "height": 60,
              "justifyContent": "center",
              "overflow": "hidden",
              "position": "relative",
              "width": 60,
            },
            Object {
              "backgroundColor": "#353739",
              "height": 60,
              "width": 60,
            },
          ]
        }
      >
        <View
          style={
            Array [
              Object {
                "backgroundColor": "transparent",
              },
              Array [
                Object {
                  "alignItems": "center",
                  "backgroundColor": "#1E2022",
                  "borderRadius": 143,
                  "display": "flex",
                  "height": 60,
                  "justifyContent": "center",
                  "overflow": "hidden",
                  "position": "relative",
                  "width": 60,
                },
                undefined,
                undefined,
              ],
            ]
          }
        >
          <ViewManagerAdapter_ExpoBlurView
            proxiedProperties={
              Object {
                "intensity": 0,
                "tint": "default",
              }
            }
            style={
              Object {
                "bottom": 0,
                "left": 0,
                "position": "absolute",
                "right": 0,
                "top": 0,
              }
            }
          />
          <View>
            <RCTImageView
              internal_analyticTag={null}
              resizeMode="contain"
              source={
                Array [
                  Object {
                    "height": undefined,
                    "uri": undefined,
                    "width": undefined,
                  },
                ]
              }
              style={
                Object {
                  "height": 29,
                  "overflow": "hidden",
                  "resizeMode": "contain",
                  "tintColor": "#DEDDDE",
                  "width": 29,
                }
              }
              tintColor="#DEDDDE"
            />
          </View>
        </View>
      </View>
    </View>
    <Text
      allowFontScaling={false}
      style={
        Array [
          Object {},
          Array [
            Object {
              "fontSize": 23,
              "lineHeight": 35,
            },
            Object {
              "fontFamily": "Helvetica Neue",
            },
            Object {
              "color": "#191015",
            },
          ],
          undefined,
          undefined,
          Object {
            "color": "#DEDDDE",
            "fontFamily": "Helvetica Neue",
            "fontSize": 52,
            "lineHeight": 63,
            "paddingBottom": 35,
            "textAlign": "left",
          },
        ]
      }
    >
      settings.locationSettingsData.addNewLocation.generalTitleAdd undefined
    </Text>
    <View
      pointerEvents="box-none"
      style={
        Array [
          Object {
            "flex": 1,
          },
          Object {
            "flex": 0,
          },
        ]
      }
    >
      <View
        style={
          Array [
            Object {
              "flexDirection": "row",
            },
            Object {
              "backgroundColor": "#1E2022",
              "borderColor": "transparent",
              "borderRadius": 40,
              "borderWidth": 2,
              "height": 80,
              "marginBottom": 26,
              "overflow": "hidden",
            },
          ]
        }
      >
        <View
          style={
            Object {
              "alignItems": "center",
              "height": 80,
              "justifyContent": "center",
              "marginStart": 35,
            }
          }
        >
          <RCTImageView
            internal_analyticTag={null}
            resizeMode="contain"
            source={
              Array [
                Object {
                  "height": undefined,
                  "uri": undefined,
                  "width": undefined,
                },
              ]
            }
            style={
              Object {
                "height": 40,
                "overflow": "hidden",
                "resizeMode": "contain",
                "tintColor": "#ADADAE",
                "width": 40,
              }
            }
            tintColor="#ADADAE"
          />
        </View>
        <TextInput
          allowFontScaling={false}
          clearButtonMode="never"
          onBlur={[Function]}
          onChangeText={[Function]}
          onFocus={[Function]}
          placeholder="settings.locationSettingsData.addNewLocation.searchInputPlaceholder undefined"
          placeholderTextColor="#ADADAE"
          style={
            Array [
              Object {
                "backgroundColor": "#FFFFFF",
                "borderRadius": 5,
                "flex": 1,
                "fontSize": 15,
                "height": 44,
                "marginBottom": 5,
                "paddingHorizontal": 10,
                "paddingVertical": 5,
              },
              Object {
                "alignSelf": "stretch",
                "backgroundColor": "transparent",
                "borderRadius": 0,
                "color": "#DEDDDE",
                "flex": 1,
                "fontFamily": "Helvetica Neue",
                "fontSize": 26,
                "height": 80,
                "lineHeight": 32,
                "marginHorizontal": 17,
                "paddingHorizontal": 0,
                "textAlignVertical": "center",
              },
            ]
          }
          value=""
        />
      </View>
    </View>
    <View
      accessibilityState={
        Object {
          "disabled": false,
        }
      }
      accessible={true}
      collapsable={false}
      focusable={true}
      onClick={[Function]}
      onResponderGrant={[Function]}
      onResponderMove={[Function]}
      onResponderRelease={[Function]}
      onResponderTerminate={[Function]}
      onResponderTerminationRequest={[Function]}
      onStartShouldSetResponder={[Function]}
      style={
        Object {
          "opacity": 1,
        }
      }
    >
      <View
        style={
          Array [
            Object {
              "alignItems": "flex-start",
              "backgroundColor": "#1E2022",
              "borderRadius": 40,
              "flexDirection": "row",
              "height": 80,
              "overflow": "hidden",
            },
            false,
            undefined,
            Object {
              "paddingStart": 0,
            },
            undefined,
            Object {
              "backgroundColor": "#1E2022",
              "borderColor": "transparent",
              "borderRadius": 40,
              "borderWidth": 2,
              "height": 80,
              "marginBottom": 26,
              "overflow": "hidden",
            },
          ]
        }
      >
        <View
          style={
            Object {
              "alignItems": "center",
              "height": 80,
              "justifyContent": "center",
              "marginStart": 35,
            }
          }
        >
          <RCTImageView
            internal_analyticTag={null}
            resizeMode="contain"
            source={
              Array [
                Object {
                  "height": undefined,
                  "uri": undefined,
                  "width": undefined,
                },
              ]
            }
            style={
              Object {
                "height": 40,
                "overflow": "hidden",
                "resizeMode": "contain",
                "tintColor": "#ADADAE",
                "width": 40,
              }
            }
            tintColor="#ADADAE"
          />
        </View>
        <TextInput
          accessibilityHint="location title input"
          accessibilityLabel="location title input"
          accessibilityRole="text"
          accessible={true}
          allowFontScaling={false}
          autoCapitalize="none"
          autoCorrect={false}
          editable={true}
          onChangeText={[Function]}
          placeholder="settings.locationSettingsData.addNewLocation.nameInputPlaceholder undefined"
          placeholderTextColor="#ADADAE"
          style={
            Array [
              Object {
                "alignSelf": "stretch",
                "color": "#DEDDDE",
                "flex": 1,
                "fontFamily": "Helvetica Neue",
                "fontSize": 26,
                "height": 80,
                "marginHorizontal": 17,
                "paddingHorizontal": 0,
                "paddingVertical": 0,
                "textAlignVertical": "center",
              },
              false,
              undefined,
              undefined,
              undefined,
            ]
          }
          textAlignVertical="top"
          underlineColorAndroid="rgba(0, 0, 0, 0)"
          value=""
        />
      </View>
    </View>
    <View
      style={
        Object {
          "alignItems": "center",
          "flexDirection": "row",
          "justifyContent": "space-between",
        }
      }
    >
      <View
        accessibilityHint="save location"
        accessibilityLabel="save button"
        accessibilityRole="button"
        accessible={true}
        collapsable={false}
        focusable={true}
        onBlur={[Function]}
        onClick={[Function]}
        onFocus={[Function]}
        onResponderGrant={[Function]}
        onResponderMove={[Function]}
        onResponderRelease={[Function]}
        onResponderTerminate={[Function]}
        onResponderTerminationRequest={[Function]}
        onStartShouldSetResponder={[Function]}
        style={
          Array [
            Array [
              Object {
                "alignItems": "center",
                "borderRadius": 6,
                "flexDirection": "row",
                "justifyContent": "center",
                "minHeight": 80,
                "overflow": "hidden",
                "paddingHorizontal": 17,
                "paddingVertical": 17,
              },
              Object {
                "backgroundColor": "#FFFFFF",
                "borderColor": "#B6ACA6",
                "borderWidth": 1,
              },
            ],
            Object {
              "backgroundColor": "#0B3D91",
              "borderRadius": 40,
              "borderWidth": 0,
              "height": 80,
              "marginVertical": 35,
              "width": "100%",
            },
            false,
          ]
        }
        testID="saveButton"
      >
        <Text
          allowFontScaling={false}
          style={
            Array [
              Object {},
              Array [
                Object {
                  "fontSize": 23,
                  "lineHeight": 35,
                },
                Object {
                  "fontFamily": "Helvetica Neue",
                },
                Object {
                  "color": "#191015",
                },
              ],
              undefined,
              undefined,
              Array [
                Object {
                  "flexGrow": 0,
                  "flexShrink": 1,
                  "fontFamily": "HelveticaNeue-Medium",
                  "fontSize": 23,
                  "lineHeight": 29,
                  "textAlign": "center",
                  "zIndex": 2,
                },
                Object {
                  "color": "#FFFFFF",
                  "fontFamily": "HelveticaNeue-Medium",
                  "fontSize": 26,
                  "lineHeight": 30,
                },
                false,
              ],
            ]
          }
        >
          settings.locationSettingsData.addNewLocation.saveButton undefined
        </Text>
      </View>
    </View>
  </View>
</div>
`;
