// Jest Snapshot v1, https://goo.gl/fbAQLP

exports[`renders correctly 1`] = `
<div>
  <div />
  <View
    style={
      Array [
        Object {
          "left": 0,
          "paddingHorizontal": 52,
          "position": "absolute",
          "top": 0,
          "width": "100%",
        },
        Object {
          "top": 26,
        },
      ]
    }
  >
    <View
      style={
        Object {
          "alignItems": "center",
          "flexDirection": "row",
          "justifyContent": "space-between",
          "marginBottom": 52,
        }
      }
    >
      <View
        accessibilityRole="imagebutton"
        accessible={true}
        collapsable={false}
        focusable={true}
        onBlur={[Function]}
        onClick={[Function]}
        onFocus={[Function]}
        onResponderGrant={[Function]}
        onResponderMove={[Function]}
        onResponderRelease={[Function]}
        onResponderTerminate={[Function]}
        onResponderTerminationRequest={[Function]}
        onStartShouldSetResponder={[Function]}
        style={
          Array [
            Object {
              "alignItems": "center",
              "backgroundColor": "#1E2022",
              "borderRadius": 143,
              "display": "flex",
              "height": 60,
              "justifyContent": "center",
              "overflow": "hidden",
              "position": "relative",
              "width": 60,
            },
            Object {
              "backgroundColor": "#353739",
              "height": 60,
              "width": 60,
            },
          ]
        }
      >
        <View
          style={
            Array [
              Object {
                "backgroundColor": "transparent",
              },
              Array [
                Object {
                  "alignItems": "center",
                  "backgroundColor": "#1E2022",
                  "borderRadius": 143,
                  "display": "flex",
                  "height": 60,
                  "justifyContent": "center",
                  "overflow": "hidden",
                  "position": "relative",
                  "width": 60,
                },
                undefined,
                undefined,
              ],
            ]
          }
        >
          <ViewManagerAdapter_ExpoBlurView
            proxiedProperties={
              Object {
                "intensity": 0,
                "tint": "default",
              }
            }
            style={
              Object {
                "bottom": 0,
                "left": 0,
                "position": "absolute",
                "right": 0,
                "top": 0,
              }
            }
          />
          <div />
        </View>
      </View>
    </View>
    <View
      pointerEvents="box-none"
      style={
        Array [
          Object {
            "flex": 1,
          },
          Object {
            "flex": 0,
          },
        ]
      }
    >
      <View
        style={
          Array [
            Object {
              "flexDirection": "row",
            },
            Object {
              "backgroundColor": "#1E2022",
              "borderColor": "transparent",
              "borderRadius": 40,
              "borderWidth": 2,
              "height": 80,
              "marginBottom": 26,
              "overflow": "hidden",
            },
          ]
        }
      >
        <div />
        <TextInput
          allowFontScaling={false}
          clearButtonMode="never"
          onBlur={[Function]}
          onChangeText={[Function]}
          onFocus={[Function]}
          placeholder="settings.locationSettingsData.addNewLocation.searchInputPlaceholder undefined"
          placeholderTextColor="#ADADAE"
          style={
            Array [
              Object {
                "backgroundColor": "#FFFFFF",
                "borderRadius": 5,
                "flex": 1,
                "fontSize": 15,
                "height": 44,
                "marginBottom": 5,
                "paddingHorizontal": 10,
                "paddingVertical": 5,
              },
              Object {
                "alignSelf": "stretch",
                "backgroundColor": "transparent",
                "borderRadius": 0,
                "color": "#DEDDDE",
                "flex": 1,
                "fontFamily": "Helvetica Neue",
                "fontSize": 26,
                "height": 80,
                "lineHeight": 32,
                "marginHorizontal": 17,
                "paddingHorizontal": 0,
                "textAlignVertical": "center",
              },
            ]
          }
          value=""
        />
      </View>
    </View>
  </View>
  <Modal
    animationType="none"
    deviceHeight={null}
    deviceWidth={null}
    hardwareAccelerated={false}
    hideModalContentWhileAnimating={true}
    onBackdropPress={[Function]}
    onModalHide={[Function]}
    onModalWillHide={[Function]}
    onModalWillShow={[Function]}
    onRequestClose={[Function]}
    onSwipeComplete={[Function]}
    panResponderThreshold={4}
    scrollHorizontal={false}
    scrollOffset={0}
    scrollOffsetMax={0}
    scrollTo={null}
    statusBarTranslucent={false}
    supportedOrientations={
      Array [
        "portrait",
        "landscape",
      ]
    }
    swipeDirection="down"
    swipeThreshold={100}
    transparent={true}
    useNativeDriverForBackdrop={true}
    visible={false}
  />
</div>
`;
