// Jest Snapshot v1, https://goo.gl/fbAQLP

exports[`renders correctly 1`] = `
[
  <Text
    accessibilityHint="detecting current location"
    accessibilityLabel="detecting"
    accessibilityRole="text"
    accessible={true}
    allowFontScaling={false}
    style={
      [
        {},
        [
          {
            "fontSize": 23,
            "lineHeight": 35,
          },
          {
            "fontFamily": "Helvetica Neue",
          },
          {
            "color": "#191015",
          },
        ],
        undefined,
        undefined,
        {
          "color": "#DEDDDE",
          "fontFamily": "Helvetica Neue",
          "fontSize": 52,
          "lineHeight": 60,
          "paddingBottom": 52,
        },
      ]
    }
  >
    onboarding.completeProfile.notification.title undefined
  </Text>,
  <View
    style={
      {
        "flexDirection": "row",
        "marginBottom": 52,
      }
    }
  >
    <View
      style={
        {
          "marginRight": 26,
        }
      }
    >
      <RCTImageView
        accessibilityState={
          {
            "busy": undefined,
            "checked": undefined,
            "disabled": undefined,
            "expanded": undefined,
            "selected": undefined,
          }
        }
        internal_analyticTag={null}
        resizeMode="contain"
        source={
          [
            {
              "height": undefined,
              "uri": undefined,
              "width": undefined,
            },
          ]
        }
        style={
          {
            "height": 35,
            "overflow": "hidden",
            "resizeMode": "contain",
            "width": 35,
          }
        }
      />
    </View>
    <View
      style={
        {
          "borderBottomColor": "#1E2022",
          "borderBottomWidth": 2,
          "flex": 1,
          "flexDirection": "row",
          "justifyContent": "space-between",
          "paddingBottom": 26,
        }
      }
    >
      <View
        accessibilityHint="notification"
        accessibilityLabel="notification"
        accessibilityRole="text"
        accessible={true}
        style={
          {
            "width": "70%",
          }
        }
      >
        <Text
          allowFontScaling={false}
          style={
            [
              {},
              [
                {
                  "fontSize": 23,
                  "lineHeight": 35,
                },
                {
                  "fontFamily": "Helvetica Neue",
                },
                {
                  "color": "#191015",
                },
              ],
              undefined,
              undefined,
              {
                "color": "#DEDDDE",
                "fontFamily": "Helvetica Neue",
                "fontSize": 23,
                "lineHeight": 30,
              },
            ]
          }
        >
          onboarding.completeProfile.notification.label undefined
        </Text>
        <Text
          allowFontScaling={false}
          style={
            [
              {},
              [
                {
                  "fontSize": 23,
                  "lineHeight": 35,
                },
                {
                  "fontFamily": "Helvetica Neue",
                },
                {
                  "color": "#191015",
                },
              ],
              undefined,
              undefined,
              {
                "color": "#ADADAE",
                "fontFamily": "HelveticaNeue-Light",
                "fontSize": 23,
                "lineHeight": 30,
              },
            ]
          }
        >
          onboarding.completeProfile.notification.tip undefined
        </Text>
      </View>
      <View
        accessibilityHint="toggle notifications"
        accessibilityLabel="switch button"
        accessibilityRole="switch"
        accessibilityState={
          {
            "busy": undefined,
            "checked": true,
            "disabled": undefined,
            "expanded": undefined,
            "selected": undefined,
          }
        }
        accessibilityValue={
          {
            "max": undefined,
            "min": undefined,
            "now": undefined,
            "text": undefined,
          }
        }
        accessible={true}
        collapsable={false}
        focusable={true}
        onClick={[Function]}
        onResponderGrant={[Function]}
        onResponderMove={[Function]}
        onResponderRelease={[Function]}
        onResponderTerminate={[Function]}
        onResponderTerminationRequest={[Function]}
        onStartShouldSetResponder={[Function]}
        style={
          {
            "opacity": 1,
          }
        }
      >
        <View
          style={
            [
              {
                "alignItems": "center",
                "flexDirection": "row",
              },
              undefined,
            ]
          }
        >
          <View
            style={
              [
                {
                  "alignItems": "center",
                  "borderRadius": 23,
                  "borderWidth": 0,
                  "flexDirection": "row",
                  "flexGrow": 0,
                  "flexShrink": 0,
                  "height": 40,
                  "justifyContent": "space-between",
                  "overflow": "hidden",
                  "width": 66,
                },
                {
                  "backgroundColor": "#353739",
                },
                undefined,
              ]
            }
          >
            <View
              animatedStyle={
                {
                  "value": {
                    "opacity": 1,
                  },
                }
              }
              collapsable={false}
              style={
                {
                  "alignItems": "center",
                  "backgroundColor": "#0B3D91",
                  "borderColor": "rgba(0, 0, 0, 0)",
                  "height": "100%",
                  "opacity": 1,
                  "overflow": "hidden",
                  "paddingEnd": 6,
                  "paddingStart": 6,
                  "position": "absolute",
                  "width": "100%",
                }
              }
            />
            <View
              animatedStyle={
                {
                  "value": {
                    "marginStart": -35,
                    "start": "100%",
                  },
                }
              }
              collapsable={false}
              style={
                {
                  "backgroundColor": "#FFFFFF",
                  "borderRadius": 17,
                  "height": 29,
                  "marginStart": -35,
                  "position": "absolute",
                  "start": "100%",
                  "width": 29,
                }
              }
            />
          </View>
        </View>
      </View>
    </View>
  </View>,
  <View
    accessibilityHint="navigate to location detection"
    accessibilityLabel="next button"
    accessibilityRole="button"
    accessibilityState={
      {
        "busy": undefined,
        "checked": undefined,
        "disabled": undefined,
        "expanded": undefined,
        "selected": undefined,
      }
    }
    accessibilityValue={
      {
        "max": undefined,
        "min": undefined,
        "now": undefined,
        "text": undefined,
      }
    }
    accessible={true}
    collapsable={false}
    focusable={true}
    onBlur={[Function]}
    onClick={[Function]}
    onFocus={[Function]}
    onResponderGrant={[Function]}
    onResponderMove={[Function]}
    onResponderRelease={[Function]}
    onResponderTerminate={[Function]}
    onResponderTerminationRequest={[Function]}
    onStartShouldSetResponder={[Function]}
    style={
      [
        [
          {
            "alignItems": "center",
            "borderRadius": 6,
            "flexDirection": "row",
            "justifyContent": "center",
            "minHeight": 80,
            "overflow": "hidden",
            "paddingHorizontal": 17,
            "paddingVertical": 17,
          },
          {
            "backgroundColor": "#FFFFFF",
            "borderColor": "#B6ACA6",
            "borderWidth": 1,
          },
        ],
        {
          "backgroundColor": "#0B3D91",
          "borderRadius": 40,
          "borderWidth": 0,
          "height": 80,
          "width": "100%",
        },
        false,
      ]
    }
  >
    <Text
      allowFontScaling={false}
      style={
        [
          {},
          [
            {
              "fontSize": 23,
              "lineHeight": 35,
            },
            {
              "fontFamily": "Helvetica Neue",
            },
            {
              "color": "#191015",
            },
          ],
          undefined,
          undefined,
          [
            {
              "flexGrow": 0,
              "flexShrink": 1,
              "fontFamily": "HelveticaNeue-Medium",
              "fontSize": 23,
              "lineHeight": 29,
              "textAlign": "center",
              "zIndex": 2,
            },
            {
              "color": "#FFFFFF",
              "fontFamily": "HelveticaNeue-Medium",
              "fontSize": 26,
              "lineHeight": 30,
            },
            false,
          ],
        ]
      }
    >
      onboarding.completeProfile.notification.nextButton undefined
    </Text>
  </View>,
]
`;
