// Jest Snapshot v1, https://goo.gl/fbAQLP

exports[`renders correctly 1`] = `
Array [
  <div />,
  <div />,
  <div />,
  <div />,
  <View
    pointerEvents="box-none"
    style={
      Array [
        Object {
          "flex": 1,
        },
        Object {
          "flex": 0,
        },
      ]
    }
  >
    <View
      style={
        Array [
          Object {
            "flexDirection": "row",
          },
          Object {
            "backgroundColor": "#1E2022",
            "borderColor": "transparent",
            "borderRadius": 40,
            "borderWidth": 2,
            "height": 80,
            "overflow": "hidden",
          },
        ]
      }
    >
      <div />
      <TextInput
        allowFontScaling={false}
        clearButtonMode="while-editing"
        onBlur={[Function]}
        onChangeText={[Function]}
        onFocus={[Function]}
        placeholder="onboarding.completeProfile.location.selectLocation undefined"
        placeholderTextColor="#ADADAE"
        style={
          Array [
            Object {
              "backgroundColor": "#FFFFFF",
              "borderRadius": 5,
              "flex": 1,
              "fontSize": 15,
              "height": 44,
              "marginBottom": 5,
              "paddingHorizontal": 10,
              "paddingVertical": 5,
            },
            Object {
              "alignSelf": "stretch",
              "backgroundColor": "transparent",
              "borderRadius": 0,
              "color": "#DEDDDE",
              "flex": 1,
              "fontFamily": "Helvetica Neue",
              "fontSize": 26,
              "height": 80,
              "lineHeight": 32,
              "marginHorizontal": 17,
              "paddingHorizontal": 0,
              "textAlignVertical": "center",
            },
          ]
        }
        value=""
      />
    </View>
  </View>,
]
`;
