// Jest Snapshot v1, https://goo.gl/fbAQLP

exports[`renders correctly 1`] = `
<View
  accessibilityHint="coach mark"
  accessibilityLabel="coach mark"
  accessibilityRole="text"
  accessible={true}
  style={
    Object {
      "alignItems": "center",
      "alignSelf": "center",
      "backgroundColor": "#0B3D91",
      "borderRadius": 23,
      "marginTop": 373.52000000000004,
      "paddingHorizontal": 30,
      "paddingVertical": 36,
      "width": "100%",
    }
  }
>
  <Text
    allowFontScaling={false}
    style={
      Array [
        Object {},
        Array [
          Object {
            "fontSize": 23,
            "lineHeight": 35,
          },
          Object {
            "fontFamily": "Helvetica Neue",
          },
          Object {
            "color": "#191015",
          },
        ],
        undefined,
        undefined,
        Object {
          "color": "#FFFFFF",
          "fontFamily": "Helvetica Neue",
          "fontSize": 35,
          "lineHeight": 42,
          "paddingBottom": 12,
          "paddingTop": 18,
        },
      ]
    }
  >
    homeScreen.initLoader.message undefined
  </Text>
</View>
`;
