// Jest Snapshot v1, https://goo.gl/fbAQLP

exports[`renders correctly 1`] = `
<View
  style={
    Object {
      "backgroundColor": "#1E2022",
      "borderTopLeftRadius": 26,
      "borderTopRightRadius": 26,
    }
  }
>
  <View
    style={
      Object {
        "paddingBottom": 75,
        "paddingHorizontal": 52,
        "width": "100%",
      }
    }
  >
    <Text
      accessibilityHint="modal title"
      accessibilityLabel="modal title"
      accessibilityRole="text"
      accessible={true}
      allowFontScaling={false}
      style={
        Array [
          Object {},
          Array [
            Object {
              "fontSize": 23,
              "lineHeight": 35,
            },
            Object {
              "fontFamily": "Helvetica Neue",
            },
            Object {
              "color": "#191015",
            },
          ],
          undefined,
          undefined,
          Object {
            "color": "#DEDDDE",
            "fontFamily": "Helvetica Neue",
            "fontSize": 46,
            "lineHeight": 63,
            "marginTop": 52,
            "paddingBottom": 52,
            "width": "95%",
          },
        ]
      }
    >
      issView.details.title undefined
    </Text>
    <View
      style={
        Object {
          "flexDirection": "row",
          "flexWrap": "wrap",
          "justifyContent": "space-between",
          "width": "100%",
        }
      }
    >
      <View
        accessibilityHint="distance"
        accessibilityLabel="distance"
        accessibilityRole="text"
        accessible={true}
        style={
          Object {
            "backgroundColor": "rgba(255, 255, 255, 0.2)",
            "borderRadius": 15,
            "marginBottom": 26,
            "padding": 12,
            "width": "48%",
          }
        }
      >
        <Text
          allowFontScaling={false}
          style={
            Array [
              Object {},
              Array [
                Object {
                  "fontSize": 23,
                  "lineHeight": 35,
                },
                Object {
                  "fontFamily": "Helvetica Neue",
                },
                Object {
                  "color": "#191015",
                },
              ],
              undefined,
              undefined,
              Object {
                "color": "#ADADAE",
                "fontFamily": "Helvetica Neue",
                "fontSize": 19,
                "lineHeight": 23,
                "textAlign": "center",
                "textTransform": "uppercase",
              },
            ]
          }
        >
          issView.details.distance undefined
        </Text>
        <Text
          allowFontScaling={false}
          style={
            Array [
              Object {},
              Array [
                Object {
                  "fontSize": 23,
                  "lineHeight": 35,
                },
                Object {
                  "fontFamily": "Helvetica Neue",
                },
                Object {
                  "color": "#191015",
                },
              ],
              undefined,
              undefined,
              Object {
                "color": "#DEDDDE",
                "fontFamily": "Helvetica Neue",
                "fontSize": 32,
                "lineHeight": 40,
                "textAlign": "center",
              },
            ]
          }
        >
          0 km
        </Text>
      </View>
      <View
        accessibilityHint="orbital Speed"
        accessibilityLabel="orbital Speed"
        accessibilityRole="text"
        accessible={true}
        style={
          Object {
            "backgroundColor": "rgba(255, 255, 255, 0.2)",
            "borderRadius": 15,
            "marginBottom": 26,
            "padding": 12,
            "width": "48%",
          }
        }
      >
        <Text
          allowFontScaling={false}
          style={
            Array [
              Object {},
              Array [
                Object {
                  "fontSize": 23,
                  "lineHeight": 35,
                },
                Object {
                  "fontFamily": "Helvetica Neue",
                },
                Object {
                  "color": "#191015",
                },
              ],
              undefined,
              undefined,
              Object {
                "color": "#ADADAE",
                "fontFamily": "Helvetica Neue",
                "fontSize": 19,
                "lineHeight": 23,
                "textAlign": "center",
                "textTransform": "uppercase",
              },
            ]
          }
        >
          issView.details.orbitalSpeed undefined
        </Text>
        <Text
          allowFontScaling={false}
          style={
            Array [
              Object {},
              Array [
                Object {
                  "fontSize": 23,
                  "lineHeight": 35,
                },
                Object {
                  "fontFamily": "Helvetica Neue",
                },
                Object {
                  "color": "#191015",
                },
              ],
              undefined,
              undefined,
              Object {
                "color": "#DEDDDE",
                "fontFamily": "Helvetica Neue",
                "fontSize": 32,
                "lineHeight": 40,
                "textAlign": "center",
              },
            ]
          }
        >
          8374 M/S
        </Text>
      </View>
      <View
        accessibilityHint="longitude"
        accessibilityLabel="longitude"
        accessibilityRole="text"
        accessible={true}
        style={
          Object {
            "backgroundColor": "rgba(255, 255, 255, 0.2)",
            "borderRadius": 15,
            "marginBottom": 26,
            "padding": 12,
            "width": "48%",
          }
        }
      >
        <Text
          allowFontScaling={false}
          style={
            Array [
              Object {},
              Array [
                Object {
                  "fontSize": 23,
                  "lineHeight": 35,
                },
                Object {
                  "fontFamily": "Helvetica Neue",
                },
                Object {
                  "color": "#191015",
                },
              ],
              undefined,
              undefined,
              Object {
                "color": "#ADADAE",
                "fontFamily": "Helvetica Neue",
                "fontSize": 19,
                "lineHeight": 23,
                "textAlign": "center",
                "textTransform": "uppercase",
              },
            ]
          }
        >
          issView.details.longitude undefined
        </Text>
        <Text
          allowFontScaling={false}
          style={
            Array [
              Object {},
              Array [
                Object {
                  "fontSize": 23,
                  "lineHeight": 35,
                },
                Object {
                  "fontFamily": "Helvetica Neue",
                },
                Object {
                  "color": "#191015",
                },
              ],
              undefined,
              undefined,
              Object {
                "color": "#DEDDDE",
                "fontFamily": "Helvetica Neue",
                "fontSize": 32,
                "lineHeight": 40,
                "textAlign": "center",
              },
            ]
          }
        >
          0
        </Text>
      </View>
      <View
        accessibilityHint="latitude"
        accessibilityLabel="latitude"
        accessibilityRole="text"
        accessible={true}
        style={
          Object {
            "backgroundColor": "rgba(255, 255, 255, 0.2)",
            "borderRadius": 15,
            "marginBottom": 26,
            "padding": 12,
            "width": "48%",
          }
        }
      >
        <Text
          allowFontScaling={false}
          style={
            Array [
              Object {},
              Array [
                Object {
                  "fontSize": 23,
                  "lineHeight": 35,
                },
                Object {
                  "fontFamily": "Helvetica Neue",
                },
                Object {
                  "color": "#191015",
                },
              ],
              undefined,
              undefined,
              Object {
                "color": "#ADADAE",
                "fontFamily": "Helvetica Neue",
                "fontSize": 19,
                "lineHeight": 23,
                "textAlign": "center",
                "textTransform": "uppercase",
              },
            ]
          }
        >
          issView.details.latitude undefined
        </Text>
        <Text
          allowFontScaling={false}
          style={
            Array [
              Object {},
              Array [
                Object {
                  "fontSize": 23,
                  "lineHeight": 35,
                },
                Object {
                  "fontFamily": "Helvetica Neue",
                },
                Object {
                  "color": "#191015",
                },
              ],
              undefined,
              undefined,
              Object {
                "color": "#DEDDDE",
                "fontFamily": "Helvetica Neue",
                "fontSize": 32,
                "lineHeight": 40,
                "textAlign": "center",
              },
            ]
          }
        >
          0
        </Text>
      </View>
      <View
        accessibilityHint="altitude"
        accessibilityLabel="altitude"
        accessibilityRole="text"
        accessible={true}
        style={
          Object {
            "backgroundColor": "rgba(255, 255, 255, 0.2)",
            "borderRadius": 15,
            "marginBottom": 26,
            "padding": 12,
            "width": "48%",
          }
        }
      >
        <Text
          allowFontScaling={false}
          style={
            Array [
              Object {},
              Array [
                Object {
                  "fontSize": 23,
                  "lineHeight": 35,
                },
                Object {
                  "fontFamily": "Helvetica Neue",
                },
                Object {
                  "color": "#191015",
                },
              ],
              undefined,
              undefined,
              Object {
                "color": "#ADADAE",
                "fontFamily": "Helvetica Neue",
                "fontSize": 19,
                "lineHeight": 23,
                "textAlign": "center",
                "textTransform": "uppercase",
              },
            ]
          }
        >
          issView.details.altitude undefined
        </Text>
        <Text
          allowFontScaling={false}
          style={
            Array [
              Object {},
              Array [
                Object {
                  "fontSize": 23,
                  "lineHeight": 35,
                },
                Object {
                  "fontFamily": "Helvetica Neue",
                },
                Object {
                  "color": "#191015",
                },
              ],
              undefined,
              undefined,
              Object {
                "color": "#DEDDDE",
                "fontFamily": "Helvetica Neue",
                "fontSize": 32,
                "lineHeight": 40,
                "textAlign": "center",
              },
            ]
          }
        >
          0 km
        </Text>
      </View>
    </View>
    <View
      style={
        Object {
          "flexDirection": "row",
          "flexWrap": "wrap",
          "justifyContent": "space-between",
          "width": "100%",
        }
      }
    >
      <View
        accessibilityHint="Assembly Began"
        accessibilityLabel="Assembly Began"
        accessibilityRole="text"
        accessible={true}
        style={
          Object {
            "flexDirection": "row",
            "justifyContent": "space-between",
            "marginBottom": 26,
            "width": "100%",
          }
        }
      >
        <Text
          allowFontScaling={false}
          style={
            Array [
              Object {},
              Array [
                Object {
                  "fontSize": 23,
                  "lineHeight": 35,
                },
                Object {
                  "fontFamily": "Helvetica Neue",
                },
                Object {
                  "color": "#191015",
                },
              ],
              undefined,
              undefined,
              Object {
                "color": "#ADADAE",
                "fontFamily": "Helvetica Neue",
                "fontSize": 26,
                "lineHeight": 30,
                "textAlign": "left",
              },
            ]
          }
        >
          issView.details.launched undefined
        </Text>
        <Text
          allowFontScaling={false}
          style={
            Array [
              Object {},
              Array [
                Object {
                  "fontSize": 23,
                  "lineHeight": 35,
                },
                Object {
                  "fontFamily": "Helvetica Neue",
                },
                Object {
                  "color": "#191015",
                },
              ],
              undefined,
              undefined,
              Object {
                "color": "#FFFFFF",
                "fontFamily": "Helvetica Neue",
                "fontSize": 26,
                "lineHeight": 30,
                "maxWidth": 222,
                "textAlign": "right",
              },
            ]
          }
        >
          20 November 1998
        </Text>
      </View>
      <View
        accessibilityHint="crew On board"
        accessibilityLabel="crew On board"
        accessibilityRole="text"
        accessible={true}
        style={
          Object {
            "flexDirection": "row",
            "justifyContent": "space-between",
            "marginBottom": 26,
            "width": "100%",
          }
        }
      >
        <Text
          allowFontScaling={false}
          style={
            Array [
              Object {},
              Array [
                Object {
                  "fontSize": 23,
                  "lineHeight": 35,
                },
                Object {
                  "fontFamily": "Helvetica Neue",
                },
                Object {
                  "color": "#191015",
                },
              ],
              undefined,
              undefined,
              Object {
                "color": "#ADADAE",
                "fontFamily": "Helvetica Neue",
                "fontSize": 26,
                "lineHeight": 30,
                "textAlign": "left",
              },
            ]
          }
        >
          issView.details.crewOnboard undefined
        </Text>
        <Text
          allowFontScaling={false}
          style={
            Array [
              Object {},
              Array [
                Object {
                  "fontSize": 23,
                  "lineHeight": 35,
                },
                Object {
                  "fontFamily": "Helvetica Neue",
                },
                Object {
                  "color": "#191015",
                },
              ],
              undefined,
              undefined,
              Object {
                "color": "#FFFFFF",
                "fontFamily": "Helvetica Neue",
                "fontSize": 26,
                "lineHeight": 30,
                "maxWidth": 222,
                "textAlign": "right",
              },
            ]
          }
        >
          7
        </Text>
      </View>
      <View
        accessibilityHint="Estimated mass"
        accessibilityLabel="Estimated mass"
        accessibilityRole="text"
        accessible={true}
        style={
          Object {
            "flexDirection": "row",
            "justifyContent": "space-between",
            "marginBottom": 26,
            "width": "100%",
          }
        }
      >
        <Text
          allowFontScaling={false}
          style={
            Array [
              Object {},
              Array [
                Object {
                  "fontSize": 23,
                  "lineHeight": 35,
                },
                Object {
                  "fontFamily": "Helvetica Neue",
                },
                Object {
                  "color": "#191015",
                },
              ],
              undefined,
              undefined,
              Object {
                "color": "#ADADAE",
                "fontFamily": "Helvetica Neue",
                "fontSize": 26,
                "lineHeight": 30,
                "textAlign": "left",
              },
            ]
          }
        >
          issView.details.mass undefined
        </Text>
        <Text
          allowFontScaling={false}
          style={
            Array [
              Object {},
              Array [
                Object {
                  "fontSize": 23,
                  "lineHeight": 35,
                },
                Object {
                  "fontFamily": "Helvetica Neue",
                },
                Object {
                  "color": "#191015",
                },
              ],
              undefined,
              undefined,
              Object {
                "color": "#FFFFFF",
                "fontFamily": "Helvetica Neue",
                "fontSize": 26,
                "lineHeight": 30,
                "maxWidth": 222,
                "textAlign": "right",
              },
            ]
          }
        >
          462,000 kg
        </Text>
      </View>
      <View
        accessibilityHint="Estimated dimensions"
        accessibilityLabel="Estimated dimensions"
        accessibilityRole="text"
        accessible={true}
        style={
          Object {
            "flexDirection": "row",
            "justifyContent": "space-between",
            "marginBottom": 26,
            "width": "100%",
          }
        }
      >
        <Text
          allowFontScaling={false}
          style={
            Array [
              Object {},
              Array [
                Object {
                  "fontSize": 23,
                  "lineHeight": 35,
                },
                Object {
                  "fontFamily": "Helvetica Neue",
                },
                Object {
                  "color": "#191015",
                },
              ],
              undefined,
              undefined,
              Object {
                "color": "#ADADAE",
                "fontFamily": "Helvetica Neue",
                "fontSize": 26,
                "lineHeight": 30,
                "textAlign": "left",
              },
            ]
          }
        >
          issView.details.dimensions undefined
        </Text>
        <Text
          allowFontScaling={false}
          style={
            Array [
              Object {},
              Array [
                Object {
                  "fontSize": 23,
                  "lineHeight": 35,
                },
                Object {
                  "fontFamily": "Helvetica Neue",
                },
                Object {
                  "color": "#191015",
                },
              ],
              undefined,
              undefined,
              Object {
                "color": "#FFFFFF",
                "fontFamily": "Helvetica Neue",
                "fontSize": 26,
                "lineHeight": 30,
                "maxWidth": 222,
                "textAlign": "right",
              },
            ]
          }
        >
          109m wide x 73m long x 14m tall
        </Text>
      </View>
      <View
        accessibilityHint="orbital Period"
        accessibilityLabel="orbital Period"
        accessibilityRole="text"
        accessible={true}
        style={
          Object {
            "flexDirection": "row",
            "justifyContent": "space-between",
            "marginBottom": 26,
            "width": "100%",
          }
        }
      >
        <Text
          allowFontScaling={false}
          style={
            Array [
              Object {},
              Array [
                Object {
                  "fontSize": 23,
                  "lineHeight": 35,
                },
                Object {
                  "fontFamily": "Helvetica Neue",
                },
                Object {
                  "color": "#191015",
                },
              ],
              undefined,
              undefined,
              Object {
                "color": "#ADADAE",
                "fontFamily": "Helvetica Neue",
                "fontSize": 26,
                "lineHeight": 30,
                "textAlign": "left",
              },
            ]
          }
        >
          issView.details.orbitalPeriod undefined
        </Text>
        <Text
          allowFontScaling={false}
          style={
            Array [
              Object {},
              Array [
                Object {
                  "fontSize": 23,
                  "lineHeight": 35,
                },
                Object {
                  "fontFamily": "Helvetica Neue",
                },
                Object {
                  "color": "#191015",
                },
              ],
              undefined,
              undefined,
              Object {
                "color": "#FFFFFF",
                "fontFamily": "Helvetica Neue",
                "fontSize": 26,
                "lineHeight": 30,
                "maxWidth": 222,
                "textAlign": "right",
              },
            ]
          }
        >
          92.9 min
        </Text>
      </View>
      <View
        accessibilityHint="orbits Per Day"
        accessibilityLabel="orbits Per Day"
        accessibilityRole="text"
        accessible={true}
        style={
          Object {
            "flexDirection": "row",
            "justifyContent": "space-between",
            "marginBottom": 26,
            "width": "100%",
          }
        }
      >
        <Text
          allowFontScaling={false}
          style={
            Array [
              Object {},
              Array [
                Object {
                  "fontSize": 23,
                  "lineHeight": 35,
                },
                Object {
                  "fontFamily": "Helvetica Neue",
                },
                Object {
                  "color": "#191015",
                },
              ],
              undefined,
              undefined,
              Object {
                "color": "#ADADAE",
                "fontFamily": "Helvetica Neue",
                "fontSize": 26,
                "lineHeight": 30,
                "textAlign": "left",
              },
            ]
          }
        >
          issView.details.orbitsPerDay undefined
        </Text>
        <Text
          allowFontScaling={false}
          style={
            Array [
              Object {},
              Array [
                Object {
                  "fontSize": 23,
                  "lineHeight": 35,
                },
                Object {
                  "fontFamily": "Helvetica Neue",
                },
                Object {
                  "color": "#191015",
                },
              ],
              undefined,
              undefined,
              Object {
                "color": "#FFFFFF",
                "fontFamily": "Helvetica Neue",
                "fontSize": 26,
                "lineHeight": 30,
                "maxWidth": 222,
                "textAlign": "right",
              },
            ]
          }
        >
          15.49
        </Text>
      </View>
      <View
        accessibilityHint="Orbital Decay"
        accessibilityLabel="Orbital Decay"
        accessibilityRole="text"
        accessible={true}
        style={
          Object {
            "flexDirection": "row",
            "justifyContent": "space-between",
            "marginBottom": 26,
            "width": "100%",
          }
        }
      >
        <Text
          allowFontScaling={false}
          style={
            Array [
              Object {},
              Array [
                Object {
                  "fontSize": 23,
                  "lineHeight": 35,
                },
                Object {
                  "fontFamily": "Helvetica Neue",
                },
                Object {
                  "color": "#191015",
                },
              ],
              undefined,
              undefined,
              Object {
                "color": "#ADADAE",
                "fontFamily": "Helvetica Neue",
                "fontSize": 26,
                "lineHeight": 30,
                "textAlign": "left",
              },
            ]
          }
        >
          issView.details.orbitalDecay undefined
        </Text>
        <Text
          allowFontScaling={false}
          style={
            Array [
              Object {},
              Array [
                Object {
                  "fontSize": 23,
                  "lineHeight": 35,
                },
                Object {
                  "fontFamily": "Helvetica Neue",
                },
                Object {
                  "color": "#191015",
                },
              ],
              undefined,
              undefined,
              Object {
                "color": "#FFFFFF",
                "fontFamily": "Helvetica Neue",
                "fontSize": 26,
                "lineHeight": 30,
                "maxWidth": 222,
                "textAlign": "right",
              },
            ]
          }
        >
          2 km / month
        </Text>
      </View>
    </View>
  </View>
</View>
`;
