// Jest Snapshot v1, https://goo.gl/fbAQLP

exports[`PrivacyModal renders correctly 1`] = `
<View
  accessibilityHint="coach mark"
  accessibilityLabel="coach mark"
  accessibilityRole="text"
  accessible={true}
  style={
    [
      {
        "backgroundColor": "#0B3D91",
        "borderRadius": 23,
        "paddingHorizontal": 30,
        "paddingVertical": 36,
        "width": "100%",
      },
      {
        "marginTop": 133.4,
      },
    ]
  }
>
  <Text
    allowFontScaling={false}
    style={
      [
        {},
        [
          {
            "fontSize": 23,
            "lineHeight": 35,
          },
          {
            "fontFamily": "Helvetica Neue",
          },
          {
            "color": "#191015",
          },
        ],
        undefined,
        undefined,
        {
          "color": "#DEDDDE",
          "fontFamily": "Helvetica Neue",
          "fontSize": 52,
          "lineHeight": 63,
          "paddingBottom": 35,
        },
      ]
    }
  >
    privacy.title undefined
  </Text>
  <Text
    allowFontScaling={false}
    style={
      [
        {},
        [
          {
            "fontSize": 23,
            "lineHeight": 35,
          },
          {
            "fontFamily": "Helvetica Neue",
          },
          {
            "color": "#191015",
          },
        ],
        undefined,
        undefined,
        {
          "color": "#FFFFFF",
          "fontFamily": "Helvetica Neue",
          "fontSize": 29,
          "lineHeight": 35,
          "paddingBottom": 10,
          "paddingLeft": 5,
        },
      ]
    }
  >
    privacy.body undefined
  </Text>
  <RCTImageView
    accessibilityState={
      {
        "busy": undefined,
        "checked": undefined,
        "disabled": undefined,
        "expanded": undefined,
        "selected": undefined,
      }
    }
    internal_analyticTag={null}
    resizeMode="cover"
    source={
      [
        {
          "height": undefined,
          "uri": undefined,
          "width": undefined,
        },
      ]
    }
    style={
      {
        "alignSelf": "center",
        "height": 266.8,
        "marginVertical": 35,
        "overflow": "hidden",
        "width": "100%",
      }
    }
  />
  <View
    style={
      {
        "alignSelf": "flex-end",
        "flexDirection": "row",
        "justifyContent": "space-between",
        "width": "100%",
      }
    }
  >
    <View
      accessibilityHint="skip coach mark"
      accessibilityLabel="skip button"
      accessibilityRole="button"
      accessibilityState={
        {
          "busy": undefined,
          "checked": undefined,
          "disabled": undefined,
          "expanded": undefined,
          "selected": undefined,
        }
      }
      accessibilityValue={
        {
          "max": undefined,
          "min": undefined,
          "now": undefined,
          "text": undefined,
        }
      }
      accessible={true}
      collapsable={false}
      focusable={true}
      onBlur={[Function]}
      onClick={[Function]}
      onFocus={[Function]}
      onResponderGrant={[Function]}
      onResponderMove={[Function]}
      onResponderRelease={[Function]}
      onResponderTerminate={[Function]}
      onResponderTerminationRequest={[Function]}
      onStartShouldSetResponder={[Function]}
      style={
        [
          [
            {
              "alignItems": "center",
              "borderRadius": 6,
              "flexDirection": "row",
              "justifyContent": "center",
              "minHeight": 80,
              "overflow": "hidden",
              "paddingHorizontal": 17,
              "paddingVertical": 17,
            },
            {
              "backgroundColor": "#FFFFFF",
              "borderColor": "#B6ACA6",
              "borderWidth": 1,
            },
          ],
          {
            "backgroundColor": "transparent",
            "borderWidth": 0,
            "height": 80,
            "minWidth": 201,
          },
          false,
        ]
      }
    >
      <Text
        allowFontScaling={false}
        style={
          [
            {},
            [
              {
                "fontSize": 23,
                "lineHeight": 35,
              },
              {
                "fontFamily": "Helvetica Neue",
              },
              {
                "color": "#191015",
              },
            ],
            undefined,
            undefined,
            [
              {
                "flexGrow": 0,
                "flexShrink": 1,
                "fontFamily": "HelveticaNeue-Medium",
                "fontSize": 23,
                "lineHeight": 29,
                "textAlign": "center",
                "zIndex": 2,
              },
              {
                "color": "#FFFFFF",
                "fontFamily": "HelveticaNeue-Medium",
                "fontSize": 26,
                "lineHeight": 32,
              },
              false,
            ],
          ]
        }
      >
        privacy.skip undefined
      </Text>
    </View>
    <View
      accessibilityHint="next coach mark"
      accessibilityLabel="next button"
      accessibilityRole="button"
      accessibilityState={
        {
          "busy": undefined,
          "checked": undefined,
          "disabled": undefined,
          "expanded": undefined,
          "selected": undefined,
        }
      }
      accessibilityValue={
        {
          "max": undefined,
          "min": undefined,
          "now": undefined,
          "text": undefined,
        }
      }
      accessible={true}
      collapsable={false}
      focusable={true}
      onBlur={[Function]}
      onClick={[Function]}
      onFocus={[Function]}
      onResponderGrant={[Function]}
      onResponderMove={[Function]}
      onResponderRelease={[Function]}
      onResponderTerminate={[Function]}
      onResponderTerminationRequest={[Function]}
      onStartShouldSetResponder={[Function]}
      style={
        [
          [
            {
              "alignItems": "center",
              "borderRadius": 6,
              "flexDirection": "row",
              "justifyContent": "center",
              "minHeight": 80,
              "overflow": "hidden",
              "paddingHorizontal": 17,
              "paddingVertical": 17,
            },
            {
              "backgroundColor": "#FFFFFF",
              "borderColor": "#B6ACA6",
              "borderWidth": 1,
            },
          ],
          {
            "backgroundColor": "#FFFFFF",
            "borderRadius": 40,
            "borderWidth": 0,
            "height": 80,
            "minWidth": 201,
          },
          false,
        ]
      }
    >
      <Text
        allowFontScaling={false}
        style={
          [
            {},
            [
              {
                "fontSize": 23,
                "lineHeight": 35,
              },
              {
                "fontFamily": "Helvetica Neue",
              },
              {
                "color": "#191015",
              },
            ],
            undefined,
            undefined,
            [
              {
                "flexGrow": 0,
                "flexShrink": 1,
                "fontFamily": "HelveticaNeue-Medium",
                "fontSize": 23,
                "lineHeight": 29,
                "textAlign": "center",
                "zIndex": 2,
              },
              {
                "color": "#0B3D91",
                "fontFamily": "HelveticaNeue-Medium",
                "fontSize": 26,
                "lineHeight": 32,
              },
              false,
            ],
          ]
        }
      >
        privacy.agree undefined
      </Text>
    </View>
  </View>
  <View
    accessibilityState={
      {
        "busy": undefined,
        "checked": undefined,
        "disabled": undefined,
        "expanded": undefined,
        "selected": undefined,
      }
    }
    accessibilityValue={
      {
        "max": undefined,
        "min": undefined,
        "now": undefined,
        "text": undefined,
      }
    }
    accessible={true}
    collapsable={false}
    focusable={true}
    onBlur={[Function]}
    onClick={[Function]}
    onFocus={[Function]}
    onResponderGrant={[Function]}
    onResponderMove={[Function]}
    onResponderRelease={[Function]}
    onResponderTerminate={[Function]}
    onResponderTerminationRequest={[Function]}
    onStartShouldSetResponder={[Function]}
    style={
      {
        "alignSelf": "center",
        "marginTop": 15,
      }
    }
  >
    <Text
      allowFontScaling={false}
      style={
        [
          {},
          [
            {
              "fontSize": 23,
              "lineHeight": 35,
            },
            {
              "fontFamily": "Helvetica Neue",
            },
            {
              "color": "#191015",
            },
          ],
          undefined,
          undefined,
          [
            {
              "color": "#ADADAE",
              "fontFamily": "HelveticaNeue-Light",
              "fontSize": 26,
              "lineHeight": 32,
              "marginTop": 23,
              "textDecorationLine": "underline",
            },
            {
              "color": "#FFFFFF",
            },
          ],
        ]
      }
    >
      privacy.policy undefined
    </Text>
  </View>
</View>
`;
